// Jest Snapshot v1, https://goo.gl/fbAQLP

exports[`TEST APP renders 1`] = `
<input
  placeholder="input value..."
  type="text"
  value=""
/>
`;
